// Jest Snapshot v1, https://goo.gl/fbAQLP

exports[`EconomicGroupInformationCard.vue Should render correctly 1`] = `
<b-card-stub
  bodytag="div"
  bordervariant="light"
  class="pending-documentation-bg-color"
  footertag="div"
  headertag="div"
  subtitletag="h6"
  subtitletextvariant="muted"
  tag="div"
  titletag="h4"
>
  <div
    class="d-flex justify-content-between align-items-center mb-50"
  >
    <h3
      class="mb-0"
    >
      Teste 1
    </h3>
     
    <div>
      <feather-icon-stub
        badgeclasses="badge-primary"
        class="text-warning"
        icon="AlertCircleIcon"
        size="26"
      />
       
      <b-badge-stub
        class="border-warning ml-1"
        tag="span"
        target="_self"
        variant="light-warning"
      >
        Aguardando seu preenchimento
      </b-badge-stub>
    </div>
  </div>
   
  <div
    class="d-flex justify-content-between align-items-center"
  >
    <div>
      <h4>
        12.345.678/0001-34
      </h4>
       
      <span>
        +1 Filial incluída
      </span>
    </div>
     
    <b-button-stub
      tag="button"
      target="_self"
      type="button"
      variant="primary"
    >
      Preencher informações agora
    </b-button-stub>
  </div>
</b-card-stub>
`;
